posture-app/src/app/page.tsx(7,10): error TS2786: 'Image' cannot be used as a JSX component.
  Its type 'ForwardRefExoticComponent<Omit<DetailedHTMLProps<ImgHTMLAttributes<HTMLImageElement>, HTMLImageElement>, "loading" | ... 5 more ... | "srcSet"> & { ...; } & RefAttributes<...>>' is not a valid JSX element type.
    Type 'ForwardRefExoticComponent<Omit<DetailedHTMLProps<ImgHTMLAttributes<HTMLImageElement>, HTMLImageElement>, "loading" | ... 5 more ... | "srcSet"> & { ...; } & RefAttributes<...>>' is not assignable to type '(props: any, deprecatedLegacyContext?: any) => ReactNode'.
      Type 'import("C:/Users/Khalif Umar Al Faruq/OneDrive/Dokumen/7-proyek/12-postureCorrection/posture-app/node_modules/@types/react/index").ReactNode' is not assignable to type 'React.ReactNode'.
        Type 'ReactElement<unknown, string | JSXElementConstructor<any>>' is not assignable to type 'ReactNode'.
          Property 'children' is missing in type 'ReactElement<unknown, string | JSXElementConstructor<any>>' but required in type 'ReactPortal'.
posture-app/src/app/page.tsx(44,14): error TS2786: 'Image' cannot be used as a JSX component.
  Its type 'ForwardRefExoticComponent<Omit<DetailedHTMLProps<ImgHTMLAttributes<HTMLImageElement>, HTMLImageElement>, "loading" | ... 5 more ... | "srcSet"> & { ...; } & RefAttributes<...>>' is not a valid JSX element type.
    Type 'ForwardRefExoticComponent<Omit<DetailedHTMLProps<ImgHTMLAttributes<HTMLImageElement>, HTMLImageElement>, "loading" | ... 5 more ... | "srcSet"> & { ...; } & RefAttributes<...>>' is not assignable to type '(props: any, deprecatedLegacyContext?: any) => ReactNode'.
      Type 'import("C:/Users/Khalif Umar Al Faruq/OneDrive/Dokumen/7-proyek/12-postureCorrection/posture-app/node_modules/@types/react/index").ReactNode' is not assignable to type 'React.ReactNode'.
        Type 'ReactElement<unknown, string | JSXElementConstructor<any>>' is not assignable to type 'ReactNode'.
          Property 'children' is missing in type 'ReactElement<unknown, string | JSXElementConstructor<any>>' but required in type 'ReactPortal'.
